export const snapshot = {};

snapshot[`ingest should add block to our registry 1`] = `
{
  blocksByHash: Map {
    "076176685aecae8128cd3d06a783e2c7618bd94b63833e838ef6a98f6e0447ac" => {
        body: Uint8Array(0) [
        ],
        canonicality: Infinity,
        collateral: 0,
        derivedWork: 0,
        derivedWorkError: 0,
        derivedWorkValue: 1,
        flags: 0,
        hash: Hash {
          digest: Uint8Array(32) [
            7,
            97,
            118,
            104,
            90,
            236,
            174,
            129,
            40,
            205,
            61,
            6,
            167,
            131,
            226,
            199,
            97,
            139,
            217,
            75,
            99,
            131,
            62,
            131,
            142,
            246,
            169,
            143,
            110,
            4,
            71,
            172,
          ],
          hex: "076176685aecae8128cd3d06a783e2c7618bd94b63833e838ef6a98f6e0447ac",
        },
        inputs: [
        ],
        isFreeMarket: true,
        mergeableLogProbabilityError: 0,
        mergeableLogProbabilityValue: 0,
        mergeableProbability: 0,
        nonce: 0.0701684046878579,
        outputClaims: [
        ],
        outputs: [
        ],
        propagationMask: 0,
        receivedTimestamp: 1000,
        side: true,
        signer: Hash {
          digest: Uint8Array(32) [
            93,
            176,
            53,
            55,
            165,
            234,
            24,
            212,
            254,
            84,
            122,
            8,
            30,
            207,
            81,
            160,
            16,
            216,
            74,
            40,
            108,
            255,
            165,
            168,
            227,
            146,
            231,
            179,
            180,
            249,
            216,
            241,
          ],
          hex: "5db03537a5ea18d4fe547a081ecf51a010d84a286cffa5a8e392e7b3b4f9d8f1",
        },
        timestamp: 0n,
        verifiers: [
        ],
      },
  },
}
`;
