export const snapshot = {};

snapshot[`ingest should add block to our registry 1`] = `
{
  blocksByHash: Map {
    "d293338ac6716d057254e99d4b64cf560c5df25c40416e166932005d59125d86" => {
        body: Uint8Array(0) [
        ],
        canonicality: Infinity,
        collateral: 0,
        derivedWork: 0,
        derivedWorkError: 0,
        derivedWorkValue: 1,
        flags: 0,
        hash: Hash {
          digest: Uint8Array(32) [
            210,
            147,
            51,
            138,
            198,
            113,
            109,
            5,
            114,
            84,
            233,
            157,
            75,
            100,
            207,
            86,
            12,
            93,
            242,
            92,
            64,
            65,
            110,
            22,
            105,
            50,
            0,
            93,
            89,
            18,
            93,
            134,
          ],
          hex: "d293338ac6716d057254e99d4b64cf560c5df25c40416e166932005d59125d86",
        },
        inputs: [
        ],
        isFreeMarket: true,
        mergeableLogProbabilityError: 0,
        mergeableLogProbabilityValue: 0,
        mergeableProbability: 0,
        nonce: 0.0701684046878579,
        outputClaims: [
        ],
        outputs: [
        ],
        propagationMask: 0,
        receivedTimestamp: 1000,
        side: true,
        signer: Hash {
          digest: Uint8Array(32) [
            38,
            238,
            157,
            54,
            13,
            253,
            180,
            11,
            3,
            154,
            223,
            211,
            33,
            182,
            163,
            90,
            161,
            118,
            97,
            168,
            185,
            196,
            76,
            184,
            108,
            230,
            196,
            155,
            88,
            31,
            120,
            38,
          ],
          hex: "26ee9d360dfdb40b039adfd321b6a35aa17661a8b9c44cb86ce6c49b581f7826",
        },
        timestamp: 0n,
        verifiers: [
        ],
      },
  },
}
`;
