export const snapshot = {};

snapshot[`ingest should add block to our registry 1`] = `
{
  blocksByHash: Map {
    "5da18fe9de34325ac7d94f8626b0c76e7eed5070b8de66d70c3df18fb511ba1b" => {
        body: Uint8Array(0) [
        ],
        canonicality: Infinity,
        collateral: 0,
        derivedWork: 0,
        derivedWorkError: 0,
        derivedWorkValue: 1,
        flags: 0,
        hash: Hash {
          digest: Uint8Array(32) [
            93,
            161,
            143,
            233,
            222,
            52,
            50,
            90,
            199,
            217,
            79,
            134,
            38,
            176,
            199,
            110,
            126,
            237,
            80,
            112,
            184,
            222,
            102,
            215,
            12,
            61,
            241,
            143,
            181,
            17,
            186,
            27,
          ],
          hex: "5da18fe9de34325ac7d94f8626b0c76e7eed5070b8de66d70c3df18fb511ba1b",
        },
        inputs: [
        ],
        isFreeMarket: true,
        mergeableLogProbabilityError: 0,
        mergeableLogProbabilityValue: 0,
        mergeableProbability: 0,
        nonce: 0.0701684046878579,
        outputClaims: [
        ],
        outputs: [
        ],
        propagationMask: 0,
        receivedTimestamp: 1000,
        timestamp: 0n,
        verifier: {
          contract_hash: Hash {
            digest: Uint8Array(32) [
              0,
              0,
              0,
              0,
              0,
              0,
              0,
              0,
              0,
              0,
              0,
              0,
              0,
              0,
              0,
              0,
              0,
              0,
              0,
              0,
              0,
              0,
              0,
              0,
              0,
              0,
              0,
              0,
              0,
              0,
              0,
              0,
            ],
            hex: "0000000000000000000000000000000000000000000000000000000000000000",
          },
          params: Uint8Array(0) [
          ],
        },
      },
  },
}
`;
