export const snapshot = {};

snapshot[`ingest should add block to our registry 1`] = `
{
  blocksByHash: Map {
    "7ea44aae250e8d27e6df85dde972ac4d21d0fd41ccaecadc66c3276e4578febe" => {
        body: Uint8Array(0) [
        ],
        canonicality: 1,
        collateral: 0,
        derivedWork: 0,
        derivedWorkError: 0,
        derivedWorkValue: 1,
        flags: 0,
        hash: Hash {
          digest: Uint8Array(32) [
            126,
            164,
            74,
            174,
            37,
            14,
            141,
            39,
            230,
            223,
            133,
            221,
            233,
            114,
            172,
            77,
            33,
            208,
            253,
            65,
            204,
            174,
            202,
            220,
            102,
            195,
            39,
            110,
            69,
            120,
            254,
            190,
          ],
          hex: "7ea44aae250e8d27e6df85dde972ac4d21d0fd41ccaecadc66c3276e4578febe",
        },
        inputs: [
          {
            block_hash: Hash {
              digest: Uint8Array(32) [
                192,
                96,
                37,
                179,
                144,
                175,
                237,
                128,
                35,
                2,
                72,
                188,
                180,
                122,
                60,
                110,
                31,
                164,
                136,
                156,
                252,
                239,
                219,
                90,
                154,
                131,
                34,
                184,
                10,
                91,
                225,
                140,
              ],
              hex: "c06025b390afed80230248bcb47a3c6e1fa4889cfcefdb5a9a8322b80a5be18c",
            },
            output_idx: 0,
          },
        ],
        isFreeMarket: true,
        mergeableLogProbabilityError: 0,
        mergeableLogProbabilityValue: 0,
        mergeableProbability: 0,
        nonce: 0.1472069832427052,
        outputClaims: [
          [
          ],
        ],
        outputs: [
          {
            amount: 0n,
            verifier: {
              contract_hash: Hash {
                digest: Uint8Array(32) [
                  199,
                  100,
                  84,
                  13,
                  15,
                  184,
                  244,
                  226,
                  126,
                  175,
                  50,
                  226,
                  38,
                  103,
                  58,
                  54,
                  156,
                  153,
                  211,
                  79,
                  193,
                  94,
                  227,
                  164,
                  141,
                  135,
                  123,
                  196,
                  8,
                  224,
                  0,
                  152,
                ],
                hex: "c764540d0fb8f4e27eaf32e226673a369c99d34fc15ee3a48d877bc408e00098",
              },
              params: Uint8Array(0) [
              ],
            },
          },
        ],
        propagationMask: 0,
        receivedTimestamp: 1001,
        side: true,
        signer: Hash {
          digest: Uint8Array(32) [
            38,
            238,
            157,
            54,
            13,
            253,
            180,
            11,
            3,
            154,
            223,
            211,
            33,
            182,
            163,
            90,
            161,
            118,
            97,
            168,
            185,
            196,
            76,
            184,
            108,
            230,
            196,
            155,
            88,
            31,
            120,
            38,
          ],
          hex: "26ee9d360dfdb40b039adfd321b6a35aa17661a8b9c44cb86ce6c49b581f7826",
        },
        timestamp: 0n,
        verifiers: [
          {
            contract_hash: Hash {
              digest: Uint8Array(32) [
                131,
                13,
                168,
                181,
                56,
                125,
                92,
                157,
                209,
                192,
                158,
                230,
                77,
                255,
                26,
                61,
                58,
                212,
                118,
                115,
                250,
                56,
                76,
                253,
                25,
                37,
                59,
                248,
                104,
                99,
                245,
                142,
              ],
              hex: "830da8b5387d5c9dd1c09ee64dff1a3d3ad47673fa384cfd19253bf86863f58e",
            },
            params: Uint8Array(0) [
            ],
          },
        ],
      },
    "c06025b390afed80230248bcb47a3c6e1fa4889cfcefdb5a9a8322b80a5be18c" => {
        body: Uint8Array(0) [
        ],
        canonicality: Infinity,
        collateral: 0,
        derivedWork: 0,
        derivedWorkError: 0,
        derivedWorkValue: 1,
        flags: 0,
        hash: Hash {
          digest: Uint8Array(32) [
            192,
            96,
            37,
            179,
            144,
            175,
            237,
            128,
            35,
            2,
            72,
            188,
            180,
            122,
            60,
            110,
            31,
            164,
            136,
            156,
            252,
            239,
            219,
            90,
            154,
            131,
            34,
            184,
            10,
            91,
            225,
            140,
          ],
          hex: "c06025b390afed80230248bcb47a3c6e1fa4889cfcefdb5a9a8322b80a5be18c",
        },
        inputs: [
        ],
        isFreeMarket: true,
        mergeableLogProbabilityError: 0,
        mergeableLogProbabilityValue: 0,
        mergeableProbability: 0,
        nonce: 0.0701684046878579,
        outputClaims: [
          [
            {
              body: Uint8Array(0) [
              ],
              canonicality: 1,
              collateral: 0,
              derivedWork: 0,
              derivedWorkError: 0,
              derivedWorkValue: 1,
              flags: 0,
              hash: Hash {
                digest: Uint8Array(32) [
                  126,
                  164,
                  74,
                  174,
                  37,
                  14,
                  141,
                  39,
                  230,
                  223,
                  133,
                  221,
                  233,
                  114,
                  172,
                  77,
                  33,
                  208,
                  253,
                  65,
                  204,
                  174,
                  202,
                  220,
                  102,
                  195,
                  39,
                  110,
                  69,
                  120,
                  254,
                  190,
                ],
                hex: "7ea44aae250e8d27e6df85dde972ac4d21d0fd41ccaecadc66c3276e4578febe",
              },
              inputs: [
                {
                  block_hash: Hash {
                    digest: Uint8Array(32) [
                      192,
                      96,
                      37,
                      179,
                      144,
                      175,
                      237,
                      128,
                      35,
                      2,
                      72,
                      188,
                      180,
                      122,
                      60,
                      110,
                      31,
                      164,
                      136,
                      156,
                      252,
                      239,
                      219,
                      90,
                      154,
                      131,
                      34,
                      184,
                      10,
                      91,
                      225,
                      140,
                    ],
                    hex: "c06025b390afed80230248bcb47a3c6e1fa4889cfcefdb5a9a8322b80a5be18c",
                  },
                  output_idx: 0,
                },
              ],
              isFreeMarket: true,
              mergeableLogProbabilityError: 0,
              mergeableLogProbabilityValue: 0,
              mergeableProbability: 0,
              nonce: 0.1472069832427052,
              outputClaims: [
                [
                ],
              ],
              outputs: [
                {
                  amount: 0n,
                  verifier: {
                    contract_hash: Hash {
                      digest: Uint8Array(32) [
                        199,
                        100,
                        84,
                        13,
                        15,
                        184,
                        244,
                        226,
                        126,
                        175,
                        50,
                        226,
                        38,
                        103,
                        58,
                        54,
                        156,
                        153,
                        211,
                        79,
                        193,
                        94,
                        227,
                        164,
                        141,
                        135,
                        123,
                        196,
                        8,
                        224,
                        0,
                        152,
                      ],
                      hex: "c764540d0fb8f4e27eaf32e226673a369c99d34fc15ee3a48d877bc408e00098",
                    },
                    params: Uint8Array(0) [
                    ],
                  },
                },
              ],
              propagationMask: 0,
              receivedTimestamp: 1001,
              side: true,
              signer: Hash {
                digest: Uint8Array(32) [
                  38,
                  238,
                  157,
                  54,
                  13,
                  253,
                  180,
                  11,
                  3,
                  154,
                  223,
                  211,
                  33,
                  182,
                  163,
                  90,
                  161,
                  118,
                  97,
                  168,
                  185,
                  196,
                  76,
                  184,
                  108,
                  230,
                  196,
                  155,
                  88,
                  31,
                  120,
                  38,
                ],
                hex: "26ee9d360dfdb40b039adfd321b6a35aa17661a8b9c44cb86ce6c49b581f7826",
              },
              timestamp: 0n,
              verifiers: [
                {
                  contract_hash: Hash {
                    digest: Uint8Array(32) [
                      131,
                      13,
                      168,
                      181,
                      56,
                      125,
                      92,
                      157,
                      209,
                      192,
                      158,
                      230,
                      77,
                      255,
                      26,
                      61,
                      58,
                      212,
                      118,
                      115,
                      250,
                      56,
                      76,
                      253,
                      25,
                      37,
                      59,
                      248,
                      104,
                      99,
                      245,
                      142,
                    ],
                    hex: "830da8b5387d5c9dd1c09ee64dff1a3d3ad47673fa384cfd19253bf86863f58e",
                  },
                  params: Uint8Array(0) [
                  ],
                },
              ],
            },
          ],
        ],
        outputs: [
          {
            amount: 0n,
            verifier: {
              contract_hash: Hash {
                digest: Uint8Array(32) [
                  131,
                  13,
                  168,
                  181,
                  56,
                  125,
                  92,
                  157,
                  209,
                  192,
                  158,
                  230,
                  77,
                  255,
                  26,
                  61,
                  58,
                  212,
                  118,
                  115,
                  250,
                  56,
                  76,
                  253,
                  25,
                  37,
                  59,
                  248,
                  104,
                  99,
                  245,
                  142,
                ],
                hex: "830da8b5387d5c9dd1c09ee64dff1a3d3ad47673fa384cfd19253bf86863f58e",
              },
              params: Uint8Array(0) [
              ],
            },
          },
        ],
        propagationMask: 0,
        receivedTimestamp: 1000,
        side: true,
        signer: Hash {
          digest: Uint8Array(32) [
            38,
            238,
            157,
            54,
            13,
            253,
            180,
            11,
            3,
            154,
            223,
            211,
            33,
            182,
            163,
            90,
            161,
            118,
            97,
            168,
            185,
            196,
            76,
            184,
            108,
            230,
            196,
            155,
            88,
            31,
            120,
            38,
          ],
          hex: "26ee9d360dfdb40b039adfd321b6a35aa17661a8b9c44cb86ce6c49b581f7826",
        },
        timestamp: 0n,
        verifiers: [
        ],
      },
  },
}
`;
